// Jest Snapshot v1, https://goo.gl/fbAQLP

exports[`Add Review Component it should render AddReviewForm correctly 1`] = `
<div
  className="container"
>
  <div
    className="row review-form"
  >
    <div
      className="col-lg-6"
    >
      <h4>
        Add Review
      </h4>
      <form
        onSubmit={[Function]}
      >
        <div
          className="form-group"
        >
          <textarea
            className="form-control"
            id="review"
            name="review"
            onChange={[Function]}
            value=""
          />
        </div>
        <div
          className="form-group"
        >
          <input
            className="btn btn-success"
            id="addReview"
            type="submit"
          />
        </div>
      </form>
    </div>
  </div>
</div>
`;
