// Jest Snapshot v1, https://goo.gl/fbAQLP

exports[`it should render EditRecipe form 1`] = `
<div
  className="main-userboard-body add-recipe-body"
>
  <div
    className="container"
  >
    <div
      className="row"
    >
      <div
        className="mx-auto col-sm-12 col-md-8 col-lg-6 col-xs mt-5"
      >
        <h2
          className="text-center"
        >
           Edit Recipe
        </h2>
        <form
          onSubmit={[Function]}
        >
          <t
            accept="image/*"
            disableClick={false}
            disablePreview={false}
            disabled={false}
            maxSize={Infinity}
            minSize={0}
            multiple={true}
            onDrop={[Function]}
            preventDropOnDocument={true}
            style={
              Object {
                "border": "none",
                "cursor": "pointer",
              }
            }
          >
            <img
              alt=""
              className="card-img-top"
              src={null}
              style={
                Object {
                  "height": "450px",
                }
              }
            />
          </t>
          <div />
          <div
            className="form-group"
          >
            <label
              htmlFor="food"
            >
              Recipe Name
            </label>
            <input
              className="form-control form-control-lg"
              name="title"
              onChange={[Function]}
              placeholder="Enter Recipe name"
              type="text"
              value=""
            />
          </div>
          <div
            className="form-group"
          >
            <label
              htmlFor="ingredient"
            >
              Ingredients
            </label>
            <input
              className="form-control form-control-lg"
              name="ingredients"
              onChange={[Function]}
              placeholder="Enter Ingredients"
              type="text"
              value=""
            />
          </div>
          <div
            className="form-group"
          >
            <label
              htmlFor="instruction"
            >
              Instructions
            </label>
            <textarea
              className="form-control form-control-lg"
              id="instructions"
              name="instructions"
              onChange={[Function]}
              placeholder="Enter Instructions"
              value=""
            />
          </div>
          <Component
            className="spinner"
            color="#000"
            component="div"
            corners={1}
            direction={1}
            hwaccel={false}
            left="50%"
            length={30}
            lines={13}
            loaded={true}
            loadedClassName="loadedContent"
            parentClassName="loader"
            radius={30}
            rotate={0}
            scale={1}
            shadow={false}
            speed={2}
            top="70%"
            trail={60}
            width={10}
            zIndex={2000000000}
          />
          <div
            className="form-group"
          >
            <input
              className="btn btn-success"
              type="submit"
              value="Update Recipe"
            />
          </div>
        </form>
      </div>
    </div>
  </div>
</div>
`;
