// Jest Snapshot v1, https://goo.gl/fbAQLP

exports[`Latest Recipe Component it should render recipeCatalogue correctly 1`] = `
<div
  className="container"
>
  <div
    className="row"
  >
    <div
      className="col-sm"
    >
      <h2
        className="text-center catalogue"
      >
        Recipe Catalogues
      </h2>
    </div>
  </div>
  <div
    className="row"
  >
    <div
      className="col-lg-12"
    >
      <form>
        <div
          className="form-group"
        >
          <input
            className="form-control form-control-lg"
            name="recipeSearch"
            onChange={[Function]}
            placeholder="Search by ingredients or name"
            type="search"
          />
          <hr />
          <div
            className="row"
          >
            <div
              className="form-group col-sm-6"
              onChange={[Function]}
            >
              <select
                className="form-control"
                name="sort"
              >
                <option
                  value=""
                >
                  Sort By
                </option>
                <option
                  value="upvotes"
                >
                  Upvotes
                </option>
                <option
                  value="downvotes"
                >
                  Downvotes
                </option>
              </select>
            </div>
            <div
              className="form-group col-sm-6"
              onChange={[Function]}
            >
              <select
                className="form-control"
                name="order"
              >
                <option
                  value=""
                >
                  Order By
                </option>
                <option
                  value="asc"
                >
                  Ascending
                </option>
                <option
                  value="desc"
                >
                  Descending
                </option>
              </select>
            </div>
          </div>
        </div>
      </form>
    </div>
    <RecipeCard
      createdAt="created date"
      downvotes={0}
      id={1}
      image="image"
      ingredients="ingredients"
      instructions="instructions"
      key="1"
      title="titlw"
      updatedAt="updated date"
      upvotes={0}
      userId={1}
    />
  </div>
  <Component
    className="spinner"
    color="#000"
    component="div"
    corners={1}
    direction={1}
    hwaccel={false}
    left="50%"
    length={30}
    lines={13}
    loaded={false}
    loadedClassName="loadedContent"
    parentClassName="loader"
    radius={30}
    rotate={0}
    scale={1}
    shadow={false}
    speed={2}
    top="70%"
    trail={60}
    width={10}
    zIndex={2000000000}
  />
  <div
    className="row"
  >
    <div
      className="col-md-8 ml-auto"
    >
      <PaginationBoxView
        activeClassName="active"
        breakClassName="page-link"
        breakLabel={
          <a
            href=""
          >
            ...
          </a>
        }
        containerClassName="pagination pagination-md"
        disableInitialCallback={false}
        disabledClassName="disabled"
        marginPagesDisplayed={3}
        nextClassName="page-item"
        nextLabel="Next"
        nextLinkClassName="page-link"
        onPageChange={[Function]}
        pageClassName="page-item"
        pageCount={10}
        pageLinkClassName="page-link"
        pageRangeDisplayed={2}
        previousClassName="page-item"
        previousLabel="Previous"
        previousLinkClassName="page-link"
        subContainerClassName="pages pagination"
      />
    </div>
  </div>
</div>
`;
